app/(tabs)/dashboard.tsx(148,44): error TS2339: Property 'salary' does not exist on type 'DashboardData'.
components/SolarSystem/SolarSystemChart.tsx(8,26): error TS2307: Cannot find module 'expo-blur' or its corresponding type declarations.
